35 70 42 49 63 56 42 70 63 28 49 49 42 42 63 35 70 63 56 91 63 63 49 70 56 49 70 56 70 21 49 63 21 42 70 28 49 63 56 77 42 63 63 56 35 56 70 56 63 42 56 42 49 77 42 63 70 56 70 49 70 49 56 70 63 70 35 42 56 77 56 35 49 63 63 77 49 63 63 49 56 42 70 42 0 14 77 63 49 56 49 56 56 63 56 49 
